AM_MacBook-Pro:git_tutorial AM$ cd /Users/AM/Documents/85_samurai/git_challenge
AM_MacBook-Pro:git_challenge AM$ touch hello_world.txt
AM_MacBook-Pro:git_challenge AM$ git init
Initialized empty Git repository in /Users/AM/Documents/85_samurai/git_challenge/.git/

AM_MacBook-Pro:git_challenge AM$ git add hello_world.txt
AM_MacBook-Pro:git_challenge AM$ git commit -m "hello_wold.txtを追加"
[main (root-commit) d73069e] hello_wold.txtを追加
1 file changed, 1 insertion(+)
create mode 100644 hello_world.txt

AM_MacBook-Pro:git_challenge AM$ git add hello_world.txt
AM_MacBook-Pro:git_challenge AM$ git commit -m "日本語訳を追記"
[main 966856e] 日本語訳を追記
1 file changed, 2 insertions(+), 1 deletion(-)

AM_MacBook-Pro:git_challenge AM$ git log --oneline
966856e (HEAD -> main) 日本語訳を追記
d73069e hello_wold.txtを追加